Archive member included to satisfy reference by file (symbol)

d:/setupfiles/atmel studio 7/7.0/toolchain/avr8/avr8-gnu-toolchain/bin/../lib/gcc/avr/5.4.0/../../../../avr/lib/avr5\libm.a(addsf3.o)
                              Hal/Lcd/Lcd.o (__subsf3)
d:/setupfiles/atmel studio 7/7.0/toolchain/avr8/avr8-gnu-toolchain/bin/../lib/gcc/avr/5.4.0/../../../../avr/lib/avr5\libm.a(addsf3x.o)
                              d:/setupfiles/atmel studio 7/7.0/toolchain/avr8/avr8-gnu-toolchain/bin/../lib/gcc/avr/5.4.0/../../../../avr/lib/avr5\libm.a(addsf3.o) (__addsf3x)
d:/setupfiles/atmel studio 7/7.0/toolchain/avr8/avr8-gnu-toolchain/bin/../lib/gcc/avr/5.4.0/../../../../avr/lib/avr5\libm.a(cmpsf2.o)
                              Hal/Lcd/Lcd.o (__eqsf2)
d:/setupfiles/atmel studio 7/7.0/toolchain/avr8/avr8-gnu-toolchain/bin/../lib/gcc/avr/5.4.0/../../../../avr/lib/avr5\libm.a(fixunssfsi.o)
                              Hal/Lcd/Lcd.o (__fixunssfsi)
d:/setupfiles/atmel studio 7/7.0/toolchain/avr8/avr8-gnu-toolchain/bin/../lib/gcc/avr/5.4.0/../../../../avr/lib/avr5\libm.a(floatsisf.o)
                              Hal/Lcd/Lcd.o (__floatunsisf)
d:/setupfiles/atmel studio 7/7.0/toolchain/avr8/avr8-gnu-toolchain/bin/../lib/gcc/avr/5.4.0/../../../../avr/lib/avr5\libm.a(fp_cmp.o)
                              d:/setupfiles/atmel studio 7/7.0/toolchain/avr8/avr8-gnu-toolchain/bin/../lib/gcc/avr/5.4.0/../../../../avr/lib/avr5\libm.a(cmpsf2.o) (__fp_cmp)
d:/setupfiles/atmel studio 7/7.0/toolchain/avr8/avr8-gnu-toolchain/bin/../lib/gcc/avr/5.4.0/../../../../avr/lib/avr5\libm.a(fp_inf.o)
                              d:/setupfiles/atmel studio 7/7.0/toolchain/avr8/avr8-gnu-toolchain/bin/../lib/gcc/avr/5.4.0/../../../../avr/lib/avr5\libm.a(addsf3x.o) (__fp_inf)
d:/setupfiles/atmel studio 7/7.0/toolchain/avr8/avr8-gnu-toolchain/bin/../lib/gcc/avr/5.4.0/../../../../avr/lib/avr5\libm.a(fp_nan.o)
                              d:/setupfiles/atmel studio 7/7.0/toolchain/avr8/avr8-gnu-toolchain/bin/../lib/gcc/avr/5.4.0/../../../../avr/lib/avr5\libm.a(addsf3x.o) (__fp_nan)
d:/setupfiles/atmel studio 7/7.0/toolchain/avr8/avr8-gnu-toolchain/bin/../lib/gcc/avr/5.4.0/../../../../avr/lib/avr5\libm.a(fp_pscA.o)
                              d:/setupfiles/atmel studio 7/7.0/toolchain/avr8/avr8-gnu-toolchain/bin/../lib/gcc/avr/5.4.0/../../../../avr/lib/avr5\libm.a(addsf3x.o) (__fp_pscA)
d:/setupfiles/atmel studio 7/7.0/toolchain/avr8/avr8-gnu-toolchain/bin/../lib/gcc/avr/5.4.0/../../../../avr/lib/avr5\libm.a(fp_pscB.o)
                              d:/setupfiles/atmel studio 7/7.0/toolchain/avr8/avr8-gnu-toolchain/bin/../lib/gcc/avr/5.4.0/../../../../avr/lib/avr5\libm.a(addsf3x.o) (__fp_pscB)
d:/setupfiles/atmel studio 7/7.0/toolchain/avr8/avr8-gnu-toolchain/bin/../lib/gcc/avr/5.4.0/../../../../avr/lib/avr5\libm.a(fp_round.o)
                              d:/setupfiles/atmel studio 7/7.0/toolchain/avr8/avr8-gnu-toolchain/bin/../lib/gcc/avr/5.4.0/../../../../avr/lib/avr5\libm.a(addsf3.o) (__fp_round)
d:/setupfiles/atmel studio 7/7.0/toolchain/avr8/avr8-gnu-toolchain/bin/../lib/gcc/avr/5.4.0/../../../../avr/lib/avr5\libm.a(fp_split3.o)
                              d:/setupfiles/atmel studio 7/7.0/toolchain/avr8/avr8-gnu-toolchain/bin/../lib/gcc/avr/5.4.0/../../../../avr/lib/avr5\libm.a(addsf3x.o) (__fp_split3)
d:/setupfiles/atmel studio 7/7.0/toolchain/avr8/avr8-gnu-toolchain/bin/../lib/gcc/avr/5.4.0/../../../../avr/lib/avr5\libm.a(fp_zero.o)
                              d:/setupfiles/atmel studio 7/7.0/toolchain/avr8/avr8-gnu-toolchain/bin/../lib/gcc/avr/5.4.0/../../../../avr/lib/avr5\libm.a(addsf3x.o) (__fp_zero)
d:/setupfiles/atmel studio 7/7.0/toolchain/avr8/avr8-gnu-toolchain/bin/../lib/gcc/avr/5.4.0/../../../../avr/lib/avr5\libm.a(mulsf3.o)
                              Hal/Lcd/Lcd.o (__mulsf3)
d:/setupfiles/atmel studio 7/7.0/toolchain/avr8/avr8-gnu-toolchain/bin/../lib/gcc/avr/5.4.0/../../../../avr/lib/avr5\libm.a(mulsf3x.o)
                              d:/setupfiles/atmel studio 7/7.0/toolchain/avr8/avr8-gnu-toolchain/bin/../lib/gcc/avr/5.4.0/../../../../avr/lib/avr5\libm.a(mulsf3.o) (__mulsf3x)
d:/setupfiles/atmel studio 7/7.0/toolchain/avr8/avr8-gnu-toolchain/bin/../lib/gcc/avr/5.4.0/avr5\libgcc.a(_divmodhi4.o)
                              Hal/Servo/Servo.o (__divmodhi4)
d:/setupfiles/atmel studio 7/7.0/toolchain/avr8/avr8-gnu-toolchain/bin/../lib/gcc/avr/5.4.0/avr5\libgcc.a(_udivmodsi4.o)
                              App/Car/Car.o (__udivmodsi4)
d:/setupfiles/atmel studio 7/7.0/toolchain/avr8/avr8-gnu-toolchain/bin/../lib/gcc/avr/5.4.0/avr5\libgcc.a(_divmodsi4.o)
                              Hal/Lcd/Lcd.o (__divmodsi4)
d:/setupfiles/atmel studio 7/7.0/toolchain/avr8/avr8-gnu-toolchain/bin/../lib/gcc/avr/5.4.0/avr5\libgcc.a(_negsi2.o)
                              d:/setupfiles/atmel studio 7/7.0/toolchain/avr8/avr8-gnu-toolchain/bin/../lib/gcc/avr/5.4.0/avr5\libgcc.a(_divmodsi4.o) (__negsi2)
d:/setupfiles/atmel studio 7/7.0/toolchain/avr8/avr8-gnu-toolchain/bin/../lib/gcc/avr/5.4.0/avr5\libgcc.a(_exit.o)
                              D:/SetupFiles/Atmel Studio 7/7.0/Packs/atmel/ATmega_DFP/1.3.300/gcc/dev/atmega32/avr5/crtatmega32.o (exit)
d:/setupfiles/atmel studio 7/7.0/toolchain/avr8/avr8-gnu-toolchain/bin/../lib/gcc/avr/5.4.0/avr5\libgcc.a(_copy_data.o)
                              App/Car/Car.o (__do_copy_data)
d:/setupfiles/atmel studio 7/7.0/toolchain/avr8/avr8-gnu-toolchain/bin/../lib/gcc/avr/5.4.0/avr5\libgcc.a(_clear_bss.o)
                              App/main.o (__do_clear_bss)
d:/setupfiles/atmel studio 7/7.0/toolchain/avr8/avr8-gnu-toolchain/bin/../lib/gcc/avr/5.4.0/avr5\libgcc.a(_umulhisi3.o)
                              Mcal/Timer1/Timer1.o (__umulhisi3)
d:/setupfiles/atmel studio 7/7.0/toolchain/avr8/avr8-gnu-toolchain/bin/../lib/gcc/avr/5.4.0/avr5\libgcc.a(_muluhisi3.o)
                              Mcal/Timer0/Timer0.o (__muluhisi3)
d:/setupfiles/atmel studio 7/7.0/toolchain/avr8/avr8-gnu-toolchain/bin/../lib/gcc/avr/5.4.0/avr5\libgcc.a(_udivmodhi4.o)
                              d:/setupfiles/atmel studio 7/7.0/toolchain/avr8/avr8-gnu-toolchain/bin/../lib/gcc/avr/5.4.0/avr5\libgcc.a(_divmodhi4.o) (__udivmodhi4)

Allocating common symbols
Common symbol       size              file

Manual_Speed        0x1               App/main.o
Distance            0x2               App/main.o
CallBack_T0         0x2               Mcal/Timer0/Timer0.o
Bluetooth           0x1               App/main.o
CallBack_INT        0x2               Mcal/ExtInt/ExtInt.o
Turn_Direction      0x1               App/main.o
Car_Mode            0x1               App/main.o
CallBack_T2         0x2               Mcal/Timer2/Timer2.o
Pulses              0x4               Hal/HC_SR04/HC_SR04.o

Discarded input sections

 .data          0x00000000        0x0 D:/SetupFiles/Atmel Studio 7/7.0/Packs/atmel/ATmega_DFP/1.3.300/gcc/dev/atmega32/avr5/crtatmega32.o
 .bss           0x00000000        0x0 D:/SetupFiles/Atmel Studio 7/7.0/Packs/atmel/ATmega_DFP/1.3.300/gcc/dev/atmega32/avr5/crtatmega32.o
 .text          0x00000000        0x0 App/Car/Car.o
 .data          0x00000000        0x0 App/Car/Car.o
 .bss           0x00000000        0x0 App/Car/Car.o
 .text.Car_StopSpeed
                0x00000000        0x6 App/Car/Car.o
 .text          0x00000000        0x0 App/main.o
 .data          0x00000000        0x0 App/main.o
 .bss           0x00000000        0x0 App/main.o
 .text          0x00000000        0x0 Hal/DcMotor/DcMotor.o
 .data          0x00000000        0x0 Hal/DcMotor/DcMotor.o
 .bss           0x00000000        0x0 Hal/DcMotor/DcMotor.o
 .text.H_DcMoror_On_Off
                0x00000000       0x3e Hal/DcMotor/DcMotor.o
 .text.H_DcMoror_StopSpeed
                0x00000000        0x6 Hal/DcMotor/DcMotor.o
 .text          0x00000000        0x0 Hal/HC_SR04/HC_SR04.o
 .data          0x00000000        0x0 Hal/HC_SR04/HC_SR04.o
 .bss           0x00000000        0x0 Hal/HC_SR04/HC_SR04.o
 .text          0x00000000        0x0 Hal/Lcd/Lcd.o
 .data          0x00000000        0x0 Hal/Lcd/Lcd.o
 .bss           0x00000000        0x0 Hal/Lcd/Lcd.o
 .text.H_Lcd_ShiftRight
                0x00000000        0x8 Hal/Lcd/Lcd.o
 .text.H_Lcd_ShiftLeft
                0x00000000        0x8 Hal/Lcd/Lcd.o
 .text.H_Lcd_decimal_WriteNumber
                0x00000000       0x9a Hal/Lcd/Lcd.o
 .text          0x00000000        0x0 Hal/Servo/Servo.o
 .data          0x00000000        0x0 Hal/Servo/Servo.o
 .bss           0x00000000        0x0 Hal/Servo/Servo.o
 .text.H_Servo_Stop
                0x00000000        0x6 Hal/Servo/Servo.o
 .text          0x00000000        0x0 Mcal/Dio/Dio.o
 .data          0x00000000        0x0 Mcal/Dio/Dio.o
 .bss           0x00000000        0x0 Mcal/Dio/Dio.o
 .text.M_Dio_PinTog
                0x00000000       0x94 Mcal/Dio/Dio.o
 .text.M_Dio_PortMode
                0x00000000       0x5e Mcal/Dio/Dio.o
 .text.M_Dio_PortWrite
                0x00000000       0x26 Mcal/Dio/Dio.o
 .text          0x00000000        0x0 Mcal/ExtInt/ExtInt.o
 .data          0x00000000        0x0 Mcal/ExtInt/ExtInt.o
 .bss           0x00000000        0x0 Mcal/ExtInt/ExtInt.o
 .text          0x00000000        0x0 Mcal/Timer0/Timer0.o
 .data          0x00000000        0x0 Mcal/Timer0/Timer0.o
 .bss           0x00000000        0x0 Mcal/Timer0/Timer0.o
 .text.M_Timer0_SetTime
                0x00000000       0x5a Mcal/Timer0/Timer0.o
 .text.M_Timer0_Pwm0Init
                0x00000000       0x1c Mcal/Timer0/Timer0.o
 .text.M_Timer0_Pwm0SetDutyCycle
                0x00000000       0x14 Mcal/Timer0/Timer0.o
 .text.M_Timer0_Pwm0Start
                0x00000000        0x6 Mcal/Timer0/Timer0.o
 .text.M_Timer0_Pwm0Stop
                0x00000000        0x6 Mcal/Timer0/Timer0.o
 .bss.Timer0_NumOfCompareMatch
                0x00000000        0x4 Mcal/Timer0/Timer0.o
 .bss.Timer0_u8_RemTicks
                0x00000000        0x1 Mcal/Timer0/Timer0.o
 .bss.Timer0_u32_NumOfOverFlows
                0x00000000        0x4 Mcal/Timer0/Timer0.o
 .text          0x00000000        0x0 Mcal/Timer1/Timer1.o
 .data          0x00000000        0x0 Mcal/Timer1/Timer1.o
 .bss           0x00000000        0x0 Mcal/Timer1/Timer1.o
 .text.M_Timer1_Pwm1Stop
                0x00000000       0x14 Mcal/Timer1/Timer1.o
 .text          0x00000000        0x0 Mcal/Timer2/Timer2.o
 .data          0x00000000        0x0 Mcal/Timer2/Timer2.o
 .bss           0x00000000        0x0 Mcal/Timer2/Timer2.o
 .text.M_Timer2_Init
                0x00000000       0x20 Mcal/Timer2/Timer2.o
 .text.M_Timer2_SetTime
                0x00000000       0x84 Mcal/Timer2/Timer2.o
 .text.M_Timer2_Stop
                0x00000000       0x14 Mcal/Timer2/Timer2.o
 .text.M_Timer2_Pwm2Stop
                0x00000000        0x6 Mcal/Timer2/Timer2.o
 .text.M_Timer2_SetCallBack
                0x00000000        0xa Mcal/Timer2/Timer2.o
 .bss.Timer2_NumOfCompareMatch
                0x00000000        0x4 Mcal/Timer2/Timer2.o
 .text          0x00000000        0x0 Mcal/Uart/Uart.o
 .data          0x00000000        0x0 Mcal/Uart/Uart.o
 .bss           0x00000000        0x0 Mcal/Uart/Uart.o
 .text.M_Uart_Transmit
                0x00000000        0x8 Mcal/Uart/Uart.o
 .text          0x00000000        0x0 d:/setupfiles/atmel studio 7/7.0/toolchain/avr8/avr8-gnu-toolchain/bin/../lib/gcc/avr/5.4.0/../../../../avr/lib/avr5\libm.a(addsf3.o)
 .data          0x00000000        0x0 d:/setupfiles/atmel studio 7/7.0/toolchain/avr8/avr8-gnu-toolchain/bin/../lib/gcc/avr/5.4.0/../../../../avr/lib/avr5\libm.a(addsf3.o)
 .bss           0x00000000        0x0 d:/setupfiles/atmel studio 7/7.0/toolchain/avr8/avr8-gnu-toolchain/bin/../lib/gcc/avr/5.4.0/../../../../avr/lib/avr5\libm.a(addsf3.o)
 .text.avr-libc.fplib
                0x00000000        0xe d:/setupfiles/atmel studio 7/7.0/toolchain/avr8/avr8-gnu-toolchain/bin/../lib/gcc/avr/5.4.0/../../../../avr/lib/avr5\libm.a(addsf3.o)
 .text          0x00000000        0x0 d:/setupfiles/atmel studio 7/7.0/toolchain/avr8/avr8-gnu-toolchain/bin/../lib/gcc/avr/5.4.0/../../../../avr/lib/avr5\libm.a(addsf3x.o)
 .data          0x00000000        0x0 d:/setupfiles/atmel studio 7/7.0/toolchain/avr8/avr8-gnu-toolchain/bin/../lib/gcc/avr/5.4.0/../../../../avr/lib/avr5\libm.a(addsf3x.o)
 .bss           0x00000000        0x0 d:/setupfiles/atmel studio 7/7.0/toolchain/avr8/avr8-gnu-toolchain/bin/../lib/gcc/avr/5.4.0/../../../../avr/lib/avr5\libm.a(addsf3x.o)
 .text.avr-libc.fplib
                0x00000000       0xcc d:/setupfiles/atmel studio 7/7.0/toolchain/avr8/avr8-gnu-toolchain/bin/../lib/gcc/avr/5.4.0/../../../../avr/lib/avr5\libm.a(addsf3x.o)
 .text          0x00000000        0x0 d:/setupfiles/atmel studio 7/7.0/toolchain/avr8/avr8-gnu-toolchain/bin/../lib/gcc/avr/5.4.0/../../../../avr/lib/avr5\libm.a(cmpsf2.o)
 .data          0x00000000        0x0 d:/setupfiles/atmel studio 7/7.0/toolchain/avr8/avr8-gnu-toolchain/bin/../lib/gcc/avr/5.4.0/../../../../avr/lib/avr5\libm.a(cmpsf2.o)
 .bss           0x00000000        0x0 d:/setupfiles/atmel studio 7/7.0/toolchain/avr8/avr8-gnu-toolchain/bin/../lib/gcc/avr/5.4.0/../../../../avr/lib/avr5\libm.a(cmpsf2.o)
 .text.avr-libc.fplib
                0x00000000        0xa d:/setupfiles/atmel studio 7/7.0/toolchain/avr8/avr8-gnu-toolchain/bin/../lib/gcc/avr/5.4.0/../../../../avr/lib/avr5\libm.a(cmpsf2.o)
 .text          0x00000000        0x0 d:/setupfiles/atmel studio 7/7.0/toolchain/avr8/avr8-gnu-toolchain/bin/../lib/gcc/avr/5.4.0/../../../../avr/lib/avr5\libm.a(fixunssfsi.o)
 .data          0x00000000        0x0 d:/setupfiles/atmel studio 7/7.0/toolchain/avr8/avr8-gnu-toolchain/bin/../lib/gcc/avr/5.4.0/../../../../avr/lib/avr5\libm.a(fixunssfsi.o)
 .bss           0x00000000        0x0 d:/setupfiles/atmel studio 7/7.0/toolchain/avr8/avr8-gnu-toolchain/bin/../lib/gcc/avr/5.4.0/../../../../avr/lib/avr5\libm.a(fixunssfsi.o)
 .text.avr-libc.fplib
                0x00000000       0x5e d:/setupfiles/atmel studio 7/7.0/toolchain/avr8/avr8-gnu-toolchain/bin/../lib/gcc/avr/5.4.0/../../../../avr/lib/avr5\libm.a(fixunssfsi.o)
 .text          0x00000000        0x0 d:/setupfiles/atmel studio 7/7.0/toolchain/avr8/avr8-gnu-toolchain/bin/../lib/gcc/avr/5.4.0/../../../../avr/lib/avr5\libm.a(floatsisf.o)
 .data          0x00000000        0x0 d:/setupfiles/atmel studio 7/7.0/toolchain/avr8/avr8-gnu-toolchain/bin/../lib/gcc/avr/5.4.0/../../../../avr/lib/avr5\libm.a(floatsisf.o)
 .bss           0x00000000        0x0 d:/setupfiles/atmel studio 7/7.0/toolchain/avr8/avr8-gnu-toolchain/bin/../lib/gcc/avr/5.4.0/../../../../avr/lib/avr5\libm.a(floatsisf.o)
 .text.avr-libc.fplib
                0x00000000       0x7a d:/setupfiles/atmel studio 7/7.0/toolchain/avr8/avr8-gnu-toolchain/bin/../lib/gcc/avr/5.4.0/../../../../avr/lib/avr5\libm.a(floatsisf.o)
 .text          0x00000000        0x0 d:/setupfiles/atmel studio 7/7.0/toolchain/avr8/avr8-gnu-toolchain/bin/../lib/gcc/avr/5.4.0/../../../../avr/lib/avr5\libm.a(fp_cmp.o)
 .data          0x00000000        0x0 d:/setupfiles/atmel studio 7/7.0/toolchain/avr8/avr8-gnu-toolchain/bin/../lib/gcc/avr/5.4.0/../../../../avr/lib/avr5\libm.a(fp_cmp.o)
 .bss           0x00000000        0x0 d:/setupfiles/atmel studio 7/7.0/toolchain/avr8/avr8-gnu-toolchain/bin/../lib/gcc/avr/5.4.0/../../../../avr/lib/avr5\libm.a(fp_cmp.o)
 .text.avr-libc.fplib
                0x00000000       0x48 d:/setupfiles/atmel studio 7/7.0/toolchain/avr8/avr8-gnu-toolchain/bin/../lib/gcc/avr/5.4.0/../../../../avr/lib/avr5\libm.a(fp_cmp.o)
 .text          0x00000000        0x0 d:/setupfiles/atmel studio 7/7.0/toolchain/avr8/avr8-gnu-toolchain/bin/../lib/gcc/avr/5.4.0/../../../../avr/lib/avr5\libm.a(fp_inf.o)
 .data          0x00000000        0x0 d:/setupfiles/atmel studio 7/7.0/toolchain/avr8/avr8-gnu-toolchain/bin/../lib/gcc/avr/5.4.0/../../../../avr/lib/avr5\libm.a(fp_inf.o)
 .bss           0x00000000        0x0 d:/setupfiles/atmel studio 7/7.0/toolchain/avr8/avr8-gnu-toolchain/bin/../lib/gcc/avr/5.4.0/../../../../avr/lib/avr5\libm.a(fp_inf.o)
 .text.avr-libc.fplib
                0x00000000        0xc d:/setupfiles/atmel studio 7/7.0/toolchain/avr8/avr8-gnu-toolchain/bin/../lib/gcc/avr/5.4.0/../../../../avr/lib/avr5\libm.a(fp_inf.o)
 .text          0x00000000        0x0 d:/setupfiles/atmel studio 7/7.0/toolchain/avr8/avr8-gnu-toolchain/bin/../lib/gcc/avr/5.4.0/../../../../avr/lib/avr5\libm.a(fp_nan.o)
 .data          0x00000000        0x0 d:/setupfiles/atmel studio 7/7.0/toolchain/avr8/avr8-gnu-toolchain/bin/../lib/gcc/avr/5.4.0/../../../../avr/lib/avr5\libm.a(fp_nan.o)
 .bss           0x00000000        0x0 d:/setupfiles/atmel studio 7/7.0/toolchain/avr8/avr8-gnu-toolchain/bin/../lib/gcc/avr/5.4.0/../../../../avr/lib/avr5\libm.a(fp_nan.o)
 .text.avr-libc.fplib
                0x00000000        0x6 d:/setupfiles/atmel studio 7/7.0/toolchain/avr8/avr8-gnu-toolchain/bin/../lib/gcc/avr/5.4.0/../../../../avr/lib/avr5\libm.a(fp_nan.o)
 .text          0x00000000        0x0 d:/setupfiles/atmel studio 7/7.0/toolchain/avr8/avr8-gnu-toolchain/bin/../lib/gcc/avr/5.4.0/../../../../avr/lib/avr5\libm.a(fp_pscA.o)
 .data          0x00000000        0x0 d:/setupfiles/atmel studio 7/7.0/toolchain/avr8/avr8-gnu-toolchain/bin/../lib/gcc/avr/5.4.0/../../../../avr/lib/avr5\libm.a(fp_pscA.o)
 .bss           0x00000000        0x0 d:/setupfiles/atmel studio 7/7.0/toolchain/avr8/avr8-gnu-toolchain/bin/../lib/gcc/avr/5.4.0/../../../../avr/lib/avr5\libm.a(fp_pscA.o)
 .text.avr-libc.fplib
                0x00000000        0xe d:/setupfiles/atmel studio 7/7.0/toolchain/avr8/avr8-gnu-toolchain/bin/../lib/gcc/avr/5.4.0/../../../../avr/lib/avr5\libm.a(fp_pscA.o)
 .text          0x00000000        0x0 d:/setupfiles/atmel studio 7/7.0/toolchain/avr8/avr8-gnu-toolchain/bin/../lib/gcc/avr/5.4.0/../../../../avr/lib/avr5\libm.a(fp_pscB.o)
 .data          0x00000000        0x0 d:/setupfiles/atmel studio 7/7.0/toolchain/avr8/avr8-gnu-toolchain/bin/../lib/gcc/avr/5.4.0/../../../../avr/lib/avr5\libm.a(fp_pscB.o)
 .bss           0x00000000        0x0 d:/setupfiles/atmel studio 7/7.0/toolchain/avr8/avr8-gnu-toolchain/bin/../lib/gcc/avr/5.4.0/../../../../avr/lib/avr5\libm.a(fp_pscB.o)
 .text.avr-libc.fplib
                0x00000000        0xe d:/setupfiles/atmel studio 7/7.0/toolchain/avr8/avr8-gnu-toolchain/bin/../lib/gcc/avr/5.4.0/../../../../avr/lib/avr5\libm.a(fp_pscB.o)
 .text          0x00000000        0x0 d:/setupfiles/atmel studio 7/7.0/toolchain/avr8/avr8-gnu-toolchain/bin/../lib/gcc/avr/5.4.0/../../../../avr/lib/avr5\libm.a(fp_round.o)
 .data          0x00000000        0x0 d:/setupfiles/atmel studio 7/7.0/toolchain/avr8/avr8-gnu-toolchain/bin/../lib/gcc/avr/5.4.0/../../../../avr/lib/avr5\libm.a(fp_round.o)
 .bss           0x00000000        0x0 d:/setupfiles/atmel studio 7/7.0/toolchain/avr8/avr8-gnu-toolchain/bin/../lib/gcc/avr/5.4.0/../../../../avr/lib/avr5\libm.a(fp_round.o)
 .text.avr-libc.fplib
                0x00000000       0x22 d:/setupfiles/atmel studio 7/7.0/toolchain/avr8/avr8-gnu-toolchain/bin/../lib/gcc/avr/5.4.0/../../../../avr/lib/avr5\libm.a(fp_round.o)
 .text          0x00000000        0x0 d:/setupfiles/atmel studio 7/7.0/toolchain/avr8/avr8-gnu-toolchain/bin/../lib/gcc/avr/5.4.0/../../../../avr/lib/avr5\libm.a(fp_split3.o)
 .data          0x00000000        0x0 d:/setupfiles/atmel studio 7/7.0/toolchain/avr8/avr8-gnu-toolchain/bin/../lib/gcc/avr/5.4.0/../../../../avr/lib/avr5\libm.a(fp_split3.o)
 .bss           0x00000000        0x0 d:/setupfiles/atmel studio 7/7.0/toolchain/avr8/avr8-gnu-toolchain/bin/../lib/gcc/avr/5.4.0/../../../../avr/lib/avr5\libm.a(fp_split3.o)
 .text.avr-libc.fplib
                0x00000000       0x44 d:/setupfiles/atmel studio 7/7.0/toolchain/avr8/avr8-gnu-toolchain/bin/../lib/gcc/avr/5.4.0/../../../../avr/lib/avr5\libm.a(fp_split3.o)
 .text          0x00000000        0x0 d:/setupfiles/atmel studio 7/7.0/toolchain/avr8/avr8-gnu-toolchain/bin/../lib/gcc/avr/5.4.0/../../../../avr/lib/avr5\libm.a(fp_zero.o)
 .data          0x00000000        0x0 d:/setupfiles/atmel studio 7/7.0/toolchain/avr8/avr8-gnu-toolchain/bin/../lib/gcc/avr/5.4.0/../../../../avr/lib/avr5\libm.a(fp_zero.o)
 .bss           0x00000000        0x0 d:/setupfiles/atmel studio 7/7.0/toolchain/avr8/avr8-gnu-toolchain/bin/../lib/gcc/avr/5.4.0/../../../../avr/lib/avr5\libm.a(fp_zero.o)
 .text.avr-libc.fplib
                0x00000000        0xe d:/setupfiles/atmel studio 7/7.0/toolchain/avr8/avr8-gnu-toolchain/bin/../lib/gcc/avr/5.4.0/../../../../avr/lib/avr5\libm.a(fp_zero.o)
 .text          0x00000000        0x0 d:/setupfiles/atmel studio 7/7.0/toolchain/avr8/avr8-gnu-toolchain/bin/../lib/gcc/avr/5.4.0/../../../../avr/lib/avr5\libm.a(mulsf3.o)
 .data          0x00000000        0x0 d:/setupfiles/atmel studio 7/7.0/toolchain/avr8/avr8-gnu-toolchain/bin/../lib/gcc/avr/5.4.0/../../../../avr/lib/avr5\libm.a(mulsf3.o)
 .bss           0x00000000        0x0 d:/setupfiles/atmel studio 7/7.0/toolchain/avr8/avr8-gnu-toolchain/bin/../lib/gcc/avr/5.4.0/../../../../avr/lib/avr5\libm.a(mulsf3.o)
 .text.avr-libc.fplib
                0x00000000        0x8 d:/setupfiles/atmel studio 7/7.0/toolchain/avr8/avr8-gnu-toolchain/bin/../lib/gcc/avr/5.4.0/../../../../avr/lib/avr5\libm.a(mulsf3.o)
 .text          0x00000000        0x0 d:/setupfiles/atmel studio 7/7.0/toolchain/avr8/avr8-gnu-toolchain/bin/../lib/gcc/avr/5.4.0/../../../../avr/lib/avr5\libm.a(mulsf3x.o)
 .data          0x00000000        0x0 d:/setupfiles/atmel studio 7/7.0/toolchain/avr8/avr8-gnu-toolchain/bin/../lib/gcc/avr/5.4.0/../../../../avr/lib/avr5\libm.a(mulsf3x.o)
 .bss           0x00000000        0x0 d:/setupfiles/atmel studio 7/7.0/toolchain/avr8/avr8-gnu-toolchain/bin/../lib/gcc/avr/5.4.0/../../../../avr/lib/avr5\libm.a(mulsf3x.o)
 .text.avr-libc.fplib
                0x00000000       0xd2 d:/setupfiles/atmel studio 7/7.0/toolchain/avr8/avr8-gnu-toolchain/bin/../lib/gcc/avr/5.4.0/../../../../avr/lib/avr5\libm.a(mulsf3x.o)
 .text          0x00000000        0x0 d:/setupfiles/atmel studio 7/7.0/toolchain/avr8/avr8-gnu-toolchain/bin/../lib/gcc/avr/5.4.0/avr5\libgcc.a(_divmodhi4.o)
 .data          0x00000000        0x0 d:/setupfiles/atmel studio 7/7.0/toolchain/avr8/avr8-gnu-toolchain/bin/../lib/gcc/avr/5.4.0/avr5\libgcc.a(_divmodhi4.o)
 .bss           0x00000000        0x0 d:/setupfiles/atmel studio 7/7.0/toolchain/avr8/avr8-gnu-toolchain/bin/../lib/gcc/avr/5.4.0/avr5\libgcc.a(_divmodhi4.o)
 .text.libgcc.mul
                0x00000000        0x0 d:/setupfiles/atmel studio 7/7.0/toolchain/avr8/avr8-gnu-toolchain/bin/../lib/gcc/avr/5.4.0/avr5\libgcc.a(_divmodhi4.o)
 .text.libgcc   0x00000000        0x0 d:/setupfiles/atmel studio 7/7.0/toolchain/avr8/avr8-gnu-toolchain/bin/../lib/gcc/avr/5.4.0/avr5\libgcc.a(_divmodhi4.o)
 .text.libgcc.prologue
                0x00000000        0x0 d:/setupfiles/atmel studio 7/7.0/toolchain/avr8/avr8-gnu-toolchain/bin/../lib/gcc/avr/5.4.0/avr5\libgcc.a(_divmodhi4.o)
 .text.libgcc.builtins
                0x00000000        0x0 d:/setupfiles/atmel studio 7/7.0/toolchain/avr8/avr8-gnu-toolchain/bin/../lib/gcc/avr/5.4.0/avr5\libgcc.a(_divmodhi4.o)
 .text.libgcc.fmul
                0x00000000        0x0 d:/setupfiles/atmel studio 7/7.0/toolchain/avr8/avr8-gnu-toolchain/bin/../lib/gcc/avr/5.4.0/avr5\libgcc.a(_divmodhi4.o)
 .text.libgcc.fixed
                0x00000000        0x0 d:/setupfiles/atmel studio 7/7.0/toolchain/avr8/avr8-gnu-toolchain/bin/../lib/gcc/avr/5.4.0/avr5\libgcc.a(_divmodhi4.o)
 .text          0x00000000        0x0 d:/setupfiles/atmel studio 7/7.0/toolchain/avr8/avr8-gnu-toolchain/bin/../lib/gcc/avr/5.4.0/avr5\libgcc.a(_udivmodsi4.o)
 .data          0x00000000        0x0 d:/setupfiles/atmel studio 7/7.0/toolchain/avr8/avr8-gnu-toolchain/bin/../lib/gcc/avr/5.4.0/avr5\libgcc.a(_udivmodsi4.o)
 .bss           0x00000000        0x0 d:/setupfiles/atmel studio 7/7.0/toolchain/avr8/avr8-gnu-toolchain/bin/../lib/gcc/avr/5.4.0/avr5\libgcc.a(_udivmodsi4.o)
 .text.libgcc.mul
                0x00000000        0x0 d:/setupfiles/atmel studio 7/7.0/toolchain/avr8/avr8-gnu-toolchain/bin/../lib/gcc/avr/5.4.0/avr5\libgcc.a(_udivmodsi4.o)
 .text.libgcc   0x00000000        0x0 d:/setupfiles/atmel studio 7/7.0/toolchain/avr8/avr8-gnu-toolchain/bin/../lib/gcc/avr/5.4.0/avr5\libgcc.a(_udivmodsi4.o)
 .text.libgcc.prologue
                0x00000000        0x0 d:/setupfiles/atmel studio 7/7.0/toolchain/avr8/avr8-gnu-toolchain/bin/../lib/gcc/avr/5.4.0/avr5\libgcc.a(_udivmodsi4.o)
 .text.libgcc.builtins
                0x00000000        0x0 d:/setupfiles/atmel studio 7/7.0/toolchain/avr8/avr8-gnu-toolchain/bin/../lib/gcc/avr/5.4.0/avr5\libgcc.a(_udivmodsi4.o)
 .text.libgcc.fmul
                0x00000000        0x0 d:/setupfiles/atmel studio 7/7.0/toolchain/avr8/avr8-gnu-toolchain/bin/../lib/gcc/avr/5.4.0/avr5\libgcc.a(_udivmodsi4.o)
 .text.libgcc.fixed
                0x00000000        0x0 d:/setupfiles/atmel studio 7/7.0/toolchain/avr8/avr8-gnu-toolchain/bin/../lib/gcc/avr/5.4.0/avr5\libgcc.a(_udivmodsi4.o)
 .text          0x00000000        0x0 d:/setupfiles/atmel studio 7/7.0/toolchain/avr8/avr8-gnu-toolchain/bin/../lib/gcc/avr/5.4.0/avr5\libgcc.a(_divmodsi4.o)
 .data          0x00000000        0x0 d:/setupfiles/atmel studio 7/7.0/toolchain/avr8/avr8-gnu-toolchain/bin/../lib/gcc/avr/5.4.0/avr5\libgcc.a(_divmodsi4.o)
 .bss           0x00000000        0x0 d:/setupfiles/atmel studio 7/7.0/toolchain/avr8/avr8-gnu-toolchain/bin/../lib/gcc/avr/5.4.0/avr5\libgcc.a(_divmodsi4.o)
 .text.libgcc.mul
                0x00000000        0x0 d:/setupfiles/atmel studio 7/7.0/toolchain/avr8/avr8-gnu-toolchain/bin/../lib/gcc/avr/5.4.0/avr5\libgcc.a(_divmodsi4.o)
 .text.libgcc   0x00000000        0x0 d:/setupfiles/atmel studio 7/7.0/toolchain/avr8/avr8-gnu-toolchain/bin/../lib/gcc/avr/5.4.0/avr5\libgcc.a(_divmodsi4.o)
 .text.libgcc.prologue
                0x00000000        0x0 d:/setupfiles/atmel studio 7/7.0/toolchain/avr8/avr8-gnu-toolchain/bin/../lib/gcc/avr/5.4.0/avr5\libgcc.a(_divmodsi4.o)
 .text.libgcc.builtins
                0x00000000        0x0 d:/setupfiles/atmel studio 7/7.0/toolchain/avr8/avr8-gnu-toolchain/bin/../lib/gcc/avr/5.4.0/avr5\libgcc.a(_divmodsi4.o)
 .text.libgcc.fmul
                0x00000000        0x0 d:/setupfiles/atmel studio 7/7.0/toolchain/avr8/avr8-gnu-toolchain/bin/../lib/gcc/avr/5.4.0/avr5\libgcc.a(_divmodsi4.o)
 .text.libgcc.fixed
                0x00000000        0x0 d:/setupfiles/atmel studio 7/7.0/toolchain/avr8/avr8-gnu-toolchain/bin/../lib/gcc/avr/5.4.0/avr5\libgcc.a(_divmodsi4.o)
 .text          0x00000000        0x0 d:/setupfiles/atmel studio 7/7.0/toolchain/avr8/avr8-gnu-toolchain/bin/../lib/gcc/avr/5.4.0/avr5\libgcc.a(_negsi2.o)
 .data          0x00000000        0x0 d:/setupfiles/atmel studio 7/7.0/toolchain/avr8/avr8-gnu-toolchain/bin/../lib/gcc/avr/5.4.0/avr5\libgcc.a(_negsi2.o)
 .bss           0x00000000        0x0 d:/setupfiles/atmel studio 7/7.0/toolchain/avr8/avr8-gnu-toolchain/bin/../lib/gcc/avr/5.4.0/avr5\libgcc.a(_negsi2.o)
 .text.libgcc.mul
                0x00000000        0x0 d:/setupfiles/atmel studio 7/7.0/toolchain/avr8/avr8-gnu-toolchain/bin/../lib/gcc/avr/5.4.0/avr5\libgcc.a(_negsi2.o)
 .text.libgcc   0x00000000        0x0 d:/setupfiles/atmel studio 7/7.0/toolchain/avr8/avr8-gnu-toolchain/bin/../lib/gcc/avr/5.4.0/avr5\libgcc.a(_negsi2.o)
 .text.libgcc.prologue
                0x00000000        0x0 d:/setupfiles/atmel studio 7/7.0/toolchain/avr8/avr8-gnu-toolchain/bin/../lib/gcc/avr/5.4.0/avr5\libgcc.a(_negsi2.o)
 .text.libgcc.builtins
                0x00000000        0x0 d:/setupfiles/atmel studio 7/7.0/toolchain/avr8/avr8-gnu-toolchain/bin/../lib/gcc/avr/5.4.0/avr5\libgcc.a(_negsi2.o)
 .text.libgcc.fmul
                0x00000000        0x0 d:/setupfiles/atmel studio 7/7.0/toolchain/avr8/avr8-gnu-toolchain/bin/../lib/gcc/avr/5.4.0/avr5\libgcc.a(_negsi2.o)
 .text.libgcc.fixed
                0x00000000        0x0 d:/setupfiles/atmel studio 7/7.0/toolchain/avr8/avr8-gnu-toolchain/bin/../lib/gcc/avr/5.4.0/avr5\libgcc.a(_negsi2.o)
 .text          0x00000000        0x0 d:/setupfiles/atmel studio 7/7.0/toolchain/avr8/avr8-gnu-toolchain/bin/../lib/gcc/avr/5.4.0/avr5\libgcc.a(_exit.o)
 .data          0x00000000        0x0 d:/setupfiles/atmel studio 7/7.0/toolchain/avr8/avr8-gnu-toolchain/bin/../lib/gcc/avr/5.4.0/avr5\libgcc.a(_exit.o)
 .bss           0x00000000        0x0 d:/setupfiles/atmel studio 7/7.0/toolchain/avr8/avr8-gnu-toolchain/bin/../lib/gcc/avr/5.4.0/avr5\libgcc.a(_exit.o)
 .text.libgcc.mul
                0x00000000        0x0 d:/setupfiles/atmel studio 7/7.0/toolchain/avr8/avr8-gnu-toolchain/bin/../lib/gcc/avr/5.4.0/avr5\libgcc.a(_exit.o)
 .text.libgcc.div
                0x00000000        0x0 d:/setupfiles/atmel studio 7/7.0/toolchain/avr8/avr8-gnu-toolchain/bin/../lib/gcc/avr/5.4.0/avr5\libgcc.a(_exit.o)
 .text.libgcc   0x00000000        0x0 d:/setupfiles/atmel studio 7/7.0/toolchain/avr8/avr8-gnu-toolchain/bin/../lib/gcc/avr/5.4.0/avr5\libgcc.a(_exit.o)
 .text.libgcc.prologue
                0x00000000        0x0 d:/setupfiles/atmel studio 7/7.0/toolchain/avr8/avr8-gnu-toolchain/bin/../lib/gcc/avr/5.4.0/avr5\libgcc.a(_exit.o)
 .text.libgcc.builtins
                0x00000000        0x0 d:/setupfiles/atmel studio 7/7.0/toolchain/avr8/avr8-gnu-toolchain/bin/../lib/gcc/avr/5.4.0/avr5\libgcc.a(_exit.o)
 .text.libgcc.fmul
                0x00000000        0x0 d:/setupfiles/atmel studio 7/7.0/toolchain/avr8/avr8-gnu-toolchain/bin/../lib/gcc/avr/5.4.0/avr5\libgcc.a(_exit.o)
 .text.libgcc.fixed
                0x00000000        0x0 d:/setupfiles/atmel studio 7/7.0/toolchain/avr8/avr8-gnu-toolchain/bin/../lib/gcc/avr/5.4.0/avr5\libgcc.a(_exit.o)
 .text          0x00000000        0x0 d:/setupfiles/atmel studio 7/7.0/toolchain/avr8/avr8-gnu-toolchain/bin/../lib/gcc/avr/5.4.0/avr5\libgcc.a(_copy_data.o)
 .data          0x00000000        0x0 d:/setupfiles/atmel studio 7/7.0/toolchain/avr8/avr8-gnu-toolchain/bin/../lib/gcc/avr/5.4.0/avr5\libgcc.a(_copy_data.o)
 .bss           0x00000000        0x0 d:/setupfiles/atmel studio 7/7.0/toolchain/avr8/avr8-gnu-toolchain/bin/../lib/gcc/avr/5.4.0/avr5\libgcc.a(_copy_data.o)
 .text.libgcc.mul
                0x00000000        0x0 d:/setupfiles/atmel studio 7/7.0/toolchain/avr8/avr8-gnu-toolchain/bin/../lib/gcc/avr/5.4.0/avr5\libgcc.a(_copy_data.o)
 .text.libgcc.div
                0x00000000        0x0 d:/setupfiles/atmel studio 7/7.0/toolchain/avr8/avr8-gnu-toolchain/bin/../lib/gcc/avr/5.4.0/avr5\libgcc.a(_copy_data.o)
 .text.libgcc   0x00000000        0x0 d:/setupfiles/atmel studio 7/7.0/toolchain/avr8/avr8-gnu-toolchain/bin/../lib/gcc/avr/5.4.0/avr5\libgcc.a(_copy_data.o)
 .text.libgcc.prologue
                0x00000000        0x0 d:/setupfiles/atmel studio 7/7.0/toolchain/avr8/avr8-gnu-toolchain/bin/../lib/gcc/avr/5.4.0/avr5\libgcc.a(_copy_data.o)
 .text.libgcc.builtins
                0x00000000        0x0 d:/setupfiles/atmel studio 7/7.0/toolchain/avr8/avr8-gnu-toolchain/bin/../lib/gcc/avr/5.4.0/avr5\libgcc.a(_copy_data.o)
 .text.libgcc.fmul
                0x00000000        0x0 d:/setupfiles/atmel studio 7/7.0/toolchain/avr8/avr8-gnu-toolchain/bin/../lib/gcc/avr/5.4.0/avr5\libgcc.a(_copy_data.o)
 .text.libgcc.fixed
                0x00000000        0x0 d:/setupfiles/atmel studio 7/7.0/toolchain/avr8/avr8-gnu-toolchain/bin/../lib/gcc/avr/5.4.0/avr5\libgcc.a(_copy_data.o)
 .text          0x00000000        0x0 d:/setupfiles/atmel studio 7/7.0/toolchain/avr8/avr8-gnu-toolchain/bin/../lib/gcc/avr/5.4.0/avr5\libgcc.a(_clear_bss.o)
 .data          0x00000000        0x0 d:/setupfiles/atmel studio 7/7.0/toolchain/avr8/avr8-gnu-toolchain/bin/../lib/gcc/avr/5.4.0/avr5\libgcc.a(_clear_bss.o)
 .bss           0x00000000        0x0 d:/setupfiles/atmel studio 7/7.0/toolchain/avr8/avr8-gnu-toolchain/bin/../lib/gcc/avr/5.4.0/avr5\libgcc.a(_clear_bss.o)
 .text.libgcc.mul
                0x00000000        0x0 d:/setupfiles/atmel studio 7/7.0/toolchain/avr8/avr8-gnu-toolchain/bin/../lib/gcc/avr/5.4.0/avr5\libgcc.a(_clear_bss.o)
 .text.libgcc.div
                0x00000000        0x0 d:/setupfiles/atmel studio 7/7.0/toolchain/avr8/avr8-gnu-toolchain/bin/../lib/gcc/avr/5.4.0/avr5\libgcc.a(_clear_bss.o)
 .text.libgcc   0x00000000        0x0 d:/setupfiles/atmel studio 7/7.0/toolchain/avr8/avr8-gnu-toolchain/bin/../lib/gcc/avr/5.4.0/avr5\libgcc.a(_clear_bss.o)
 .text.libgcc.prologue
                0x00000000        0x0 d:/setupfiles/atmel studio 7/7.0/toolchain/avr8/avr8-gnu-toolchain/bin/../lib/gcc/avr/5.4.0/avr5\libgcc.a(_clear_bss.o)
 .text.libgcc.builtins
                0x00000000        0x0 d:/setupfiles/atmel studio 7/7.0/toolchain/avr8/avr8-gnu-toolchain/bin/../lib/gcc/avr/5.4.0/avr5\libgcc.a(_clear_bss.o)
 .text.libgcc.fmul
                0x00000000        0x0 d:/setupfiles/atmel studio 7/7.0/toolchain/avr8/avr8-gnu-toolchain/bin/../lib/gcc/avr/5.4.0/avr5\libgcc.a(_clear_bss.o)
 .text.libgcc.fixed
                0x00000000        0x0 d:/setupfiles/atmel studio 7/7.0/toolchain/avr8/avr8-gnu-toolchain/bin/../lib/gcc/avr/5.4.0/avr5\libgcc.a(_clear_bss.o)
 .text          0x00000000        0x0 d:/setupfiles/atmel studio 7/7.0/toolchain/avr8/avr8-gnu-toolchain/bin/../lib/gcc/avr/5.4.0/avr5\libgcc.a(_umulhisi3.o)
 .data          0x00000000        0x0 d:/setupfiles/atmel studio 7/7.0/toolchain/avr8/avr8-gnu-toolchain/bin/../lib/gcc/avr/5.4.0/avr5\libgcc.a(_umulhisi3.o)
 .bss           0x00000000        0x0 d:/setupfiles/atmel studio 7/7.0/toolchain/avr8/avr8-gnu-toolchain/bin/../lib/gcc/avr/5.4.0/avr5\libgcc.a(_umulhisi3.o)
 .text.libgcc.div
                0x00000000        0x0 d:/setupfiles/atmel studio 7/7.0/toolchain/avr8/avr8-gnu-toolchain/bin/../lib/gcc/avr/5.4.0/avr5\libgcc.a(_umulhisi3.o)
 .text.libgcc   0x00000000        0x0 d:/setupfiles/atmel studio 7/7.0/toolchain/avr8/avr8-gnu-toolchain/bin/../lib/gcc/avr/5.4.0/avr5\libgcc.a(_umulhisi3.o)
 .text.libgcc.prologue
                0x00000000        0x0 d:/setupfiles/atmel studio 7/7.0/toolchain/avr8/avr8-gnu-toolchain/bin/../lib/gcc/avr/5.4.0/avr5\libgcc.a(_umulhisi3.o)
 .text.libgcc.builtins
                0x00000000        0x0 d:/setupfiles/atmel studio 7/7.0/toolchain/avr8/avr8-gnu-toolchain/bin/../lib/gcc/avr/5.4.0/avr5\libgcc.a(_umulhisi3.o)
 .text.libgcc.fmul
                0x00000000        0x0 d:/setupfiles/atmel studio 7/7.0/toolchain/avr8/avr8-gnu-toolchain/bin/../lib/gcc/avr/5.4.0/avr5\libgcc.a(_umulhisi3.o)
 .text.libgcc.fixed
                0x00000000        0x0 d:/setupfiles/atmel studio 7/7.0/toolchain/avr8/avr8-gnu-toolchain/bin/../lib/gcc/avr/5.4.0/avr5\libgcc.a(_umulhisi3.o)
 .text          0x00000000        0x0 d:/setupfiles/atmel studio 7/7.0/toolchain/avr8/avr8-gnu-toolchain/bin/../lib/gcc/avr/5.4.0/avr5\libgcc.a(_muluhisi3.o)
 .data          0x00000000        0x0 d:/setupfiles/atmel studio 7/7.0/toolchain/avr8/avr8-gnu-toolchain/bin/../lib/gcc/avr/5.4.0/avr5\libgcc.a(_muluhisi3.o)
 .bss           0x00000000        0x0 d:/setupfiles/atmel studio 7/7.0/toolchain/avr8/avr8-gnu-toolchain/bin/../lib/gcc/avr/5.4.0/avr5\libgcc.a(_muluhisi3.o)
 .text.libgcc.mul
                0x00000000       0x16 d:/setupfiles/atmel studio 7/7.0/toolchain/avr8/avr8-gnu-toolchain/bin/../lib/gcc/avr/5.4.0/avr5\libgcc.a(_muluhisi3.o)
 .text.libgcc.div
                0x00000000        0x0 d:/setupfiles/atmel studio 7/7.0/toolchain/avr8/avr8-gnu-toolchain/bin/../lib/gcc/avr/5.4.0/avr5\libgcc.a(_muluhisi3.o)
 .text.libgcc   0x00000000        0x0 d:/setupfiles/atmel studio 7/7.0/toolchain/avr8/avr8-gnu-toolchain/bin/../lib/gcc/avr/5.4.0/avr5\libgcc.a(_muluhisi3.o)
 .text.libgcc.prologue
                0x00000000        0x0 d:/setupfiles/atmel studio 7/7.0/toolchain/avr8/avr8-gnu-toolchain/bin/../lib/gcc/avr/5.4.0/avr5\libgcc.a(_muluhisi3.o)
 .text.libgcc.builtins
                0x00000000        0x0 d:/setupfiles/atmel studio 7/7.0/toolchain/avr8/avr8-gnu-toolchain/bin/../lib/gcc/avr/5.4.0/avr5\libgcc.a(_muluhisi3.o)
 .text.libgcc.fmul
                0x00000000        0x0 d:/setupfiles/atmel studio 7/7.0/toolchain/avr8/avr8-gnu-toolchain/bin/../lib/gcc/avr/5.4.0/avr5\libgcc.a(_muluhisi3.o)
 .text.libgcc.fixed
                0x00000000        0x0 d:/setupfiles/atmel studio 7/7.0/toolchain/avr8/avr8-gnu-toolchain/bin/../lib/gcc/avr/5.4.0/avr5\libgcc.a(_muluhisi3.o)
 .text          0x00000000        0x0 d:/setupfiles/atmel studio 7/7.0/toolchain/avr8/avr8-gnu-toolchain/bin/../lib/gcc/avr/5.4.0/avr5\libgcc.a(_udivmodhi4.o)
 .data          0x00000000        0x0 d:/setupfiles/atmel studio 7/7.0/toolchain/avr8/avr8-gnu-toolchain/bin/../lib/gcc/avr/5.4.0/avr5\libgcc.a(_udivmodhi4.o)
 .bss           0x00000000        0x0 d:/setupfiles/atmel studio 7/7.0/toolchain/avr8/avr8-gnu-toolchain/bin/../lib/gcc/avr/5.4.0/avr5\libgcc.a(_udivmodhi4.o)
 .text.libgcc.mul
                0x00000000        0x0 d:/setupfiles/atmel studio 7/7.0/toolchain/avr8/avr8-gnu-toolchain/bin/../lib/gcc/avr/5.4.0/avr5\libgcc.a(_udivmodhi4.o)
 .text.libgcc   0x00000000        0x0 d:/setupfiles/atmel studio 7/7.0/toolchain/avr8/avr8-gnu-toolchain/bin/../lib/gcc/avr/5.4.0/avr5\libgcc.a(_udivmodhi4.o)
 .text.libgcc.prologue
                0x00000000        0x0 d:/setupfiles/atmel studio 7/7.0/toolchain/avr8/avr8-gnu-toolchain/bin/../lib/gcc/avr/5.4.0/avr5\libgcc.a(_udivmodhi4.o)
 .text.libgcc.builtins
                0x00000000        0x0 d:/setupfiles/atmel studio 7/7.0/toolchain/avr8/avr8-gnu-toolchain/bin/../lib/gcc/avr/5.4.0/avr5\libgcc.a(_udivmodhi4.o)
 .text.libgcc.fmul
                0x00000000        0x0 d:/setupfiles/atmel studio 7/7.0/toolchain/avr8/avr8-gnu-toolchain/bin/../lib/gcc/avr/5.4.0/avr5\libgcc.a(_udivmodhi4.o)
 .text.libgcc.fixed
                0x00000000        0x0 d:/setupfiles/atmel studio 7/7.0/toolchain/avr8/avr8-gnu-toolchain/bin/../lib/gcc/avr/5.4.0/avr5\libgcc.a(_udivmodhi4.o)

Memory Configuration

Name             Origin             Length             Attributes
text             0x00000000         0x00020000         xr
data             0x00800060         0x0000ffa0         rw !x
eeprom           0x00810000         0x00010000         rw !x
fuse             0x00820000         0x00000002         rw !x
lock             0x00830000         0x00000400         rw !x
signature        0x00840000         0x00000400         rw !x
user_signatures  0x00850000         0x00000400         rw !x
*default*        0x00000000         0xffffffff

Linker script and memory map

LOAD D:/SetupFiles/Atmel Studio 7/7.0/Packs/atmel/ATmega_DFP/1.3.300/gcc/dev/atmega32/avr5/crtatmega32.o
LOAD App/Car/Car.o
LOAD App/main.o
LOAD Hal/DcMotor/DcMotor.o
LOAD Hal/HC_SR04/HC_SR04.o
LOAD Hal/Lcd/Lcd.o
LOAD Hal/Servo/Servo.o
LOAD Mcal/Dio/Dio.o
LOAD Mcal/ExtInt/ExtInt.o
LOAD Mcal/Timer0/Timer0.o
LOAD Mcal/Timer1/Timer1.o
LOAD Mcal/Timer2/Timer2.o
LOAD Mcal/Uart/Uart.o
START GROUP
LOAD d:/setupfiles/atmel studio 7/7.0/toolchain/avr8/avr8-gnu-toolchain/bin/../lib/gcc/avr/5.4.0/../../../../avr/lib/avr5\libm.a
END GROUP
START GROUP
LOAD d:/setupfiles/atmel studio 7/7.0/toolchain/avr8/avr8-gnu-toolchain/bin/../lib/gcc/avr/5.4.0/avr5\libgcc.a
LOAD d:/setupfiles/atmel studio 7/7.0/toolchain/avr8/avr8-gnu-toolchain/bin/../lib/gcc/avr/5.4.0/../../../../avr/lib/avr5\libm.a
LOAD d:/setupfiles/atmel studio 7/7.0/toolchain/avr8/avr8-gnu-toolchain/bin/../lib/gcc/avr/5.4.0/../../../../avr/lib/avr5\libc.a
LOAD D:/SetupFiles/Atmel Studio 7/7.0/Packs/atmel/ATmega_DFP/1.3.300/gcc/dev/atmega32/avr5\libatmega32.a
END GROUP
                0x00000000                __TEXT_REGION_ORIGIN__ = DEFINED (__TEXT_REGION_ORIGIN__)?__TEXT_REGION_ORIGIN__:0x0
                0x00800060                __DATA_REGION_ORIGIN__ = DEFINED (__DATA_REGION_ORIGIN__)?__DATA_REGION_ORIGIN__:0x800060
                0x00020000                __TEXT_REGION_LENGTH__ = DEFINED (__TEXT_REGION_LENGTH__)?__TEXT_REGION_LENGTH__:0x20000
                0x0000ffa0                __DATA_REGION_LENGTH__ = DEFINED (__DATA_REGION_LENGTH__)?__DATA_REGION_LENGTH__:0xffa0
                0x00010000                __EEPROM_REGION_LENGTH__ = DEFINED (__EEPROM_REGION_LENGTH__)?__EEPROM_REGION_LENGTH__:0x10000
                [0x00000002]                __FUSE_REGION_LENGTH__ = DEFINED (__FUSE_REGION_LENGTH__)?__FUSE_REGION_LENGTH__:0x400
                0x00000400                __LOCK_REGION_LENGTH__ = DEFINED (__LOCK_REGION_LENGTH__)?__LOCK_REGION_LENGTH__:0x400
                0x00000400                __SIGNATURE_REGION_LENGTH__ = DEFINED (__SIGNATURE_REGION_LENGTH__)?__SIGNATURE_REGION_LENGTH__:0x400
                0x00000400                __USER_SIGNATURE_REGION_LENGTH__ = DEFINED (__USER_SIGNATURE_REGION_LENGTH__)?__USER_SIGNATURE_REGION_LENGTH__:0x400

.hash
 *(.hash)

.dynsym
 *(.dynsym)

.dynstr
 *(.dynstr)

.gnu.version
 *(.gnu.version)

.gnu.version_d
 *(.gnu.version_d)

.gnu.version_r
 *(.gnu.version_r)

.rel.init
 *(.rel.init)

.rela.init
 *(.rela.init)

.rel.text
 *(.rel.text)
 *(.rel.text.*)
 *(.rel.gnu.linkonce.t*)

.rela.text
 *(.rela.text)
 *(.rela.text.*)
 *(.rela.gnu.linkonce.t*)

.rel.fini
 *(.rel.fini)

.rela.fini
 *(.rela.fini)

.rel.rodata
 *(.rel.rodata)
 *(.rel.rodata.*)
 *(.rel.gnu.linkonce.r*)

.rela.rodata
 *(.rela.rodata)
 *(.rela.rodata.*)
 *(.rela.gnu.linkonce.r*)

.rel.data
 *(.rel.data)
 *(.rel.data.*)
 *(.rel.gnu.linkonce.d*)

.rela.data
 *(.rela.data)
 *(.rela.data.*)
 *(.rela.gnu.linkonce.d*)

.rel.ctors
 *(.rel.ctors)

.rela.ctors
 *(.rela.ctors)

.rel.dtors
 *(.rel.dtors)

.rela.dtors
 *(.rela.dtors)

.rel.got
 *(.rel.got)

.rela.got
 *(.rela.got)

.rel.bss
 *(.rel.bss)

.rela.bss
 *(.rela.bss)

.rel.plt
 *(.rel.plt)

.rela.plt
 *(.rela.plt)

.text           0x00000000     0x112c
 *(.vectors)
 .vectors       0x00000000       0x54 D:/SetupFiles/Atmel Studio 7/7.0/Packs/atmel/ATmega_DFP/1.3.300/gcc/dev/atmega32/avr5/crtatmega32.o
                0x00000000                __vector_default
                0x00000000                __vectors
 *(.vectors)
 *(.progmem.gcc*)
                0x00000054                . = ALIGN (0x2)
                0x00000054                __trampolines_start = .
 *(.trampolines)
 .trampolines   0x00000054        0x0 linker stubs
 *(.trampolines*)
                0x00000054                __trampolines_end = .
 *libprintf_flt.a:*(.progmem.data)
 *libc.a:*(.progmem.data)
 *(.progmem*)
                0x00000054                . = ALIGN (0x2)
 *(.jumptables)
 *(.jumptables*)
 *(.lowtext)
 *(.lowtext*)
                0x00000054                __ctors_start = .
 *(.ctors)
                0x00000054                __ctors_end = .
                0x00000054                __dtors_start = .
 *(.dtors)
                0x00000054                __dtors_end = .
 SORT(*)(.ctors)
 SORT(*)(.dtors)
 *(.init0)
 .init0         0x00000054        0x0 D:/SetupFiles/Atmel Studio 7/7.0/Packs/atmel/ATmega_DFP/1.3.300/gcc/dev/atmega32/avr5/crtatmega32.o
                0x00000054                __init
 *(.init0)
 *(.init1)
 *(.init1)
 *(.init2)
 .init2         0x00000054        0xc D:/SetupFiles/Atmel Studio 7/7.0/Packs/atmel/ATmega_DFP/1.3.300/gcc/dev/atmega32/avr5/crtatmega32.o
 *(.init2)
 *(.init3)
 *(.init3)
 *(.init4)
 .init4         0x00000060       0x16 d:/setupfiles/atmel studio 7/7.0/toolchain/avr8/avr8-gnu-toolchain/bin/../lib/gcc/avr/5.4.0/avr5\libgcc.a(_copy_data.o)
                0x00000060                __do_copy_data
 .init4         0x00000076       0x10 d:/setupfiles/atmel studio 7/7.0/toolchain/avr8/avr8-gnu-toolchain/bin/../lib/gcc/avr/5.4.0/avr5\libgcc.a(_clear_bss.o)
                0x00000076                __do_clear_bss
 *(.init4)
 *(.init5)
 *(.init5)
 *(.init6)
 *(.init6)
 *(.init7)
 *(.init7)
 *(.init8)
 *(.init8)
 *(.init9)
 .init9         0x00000086        0x8 D:/SetupFiles/Atmel Studio 7/7.0/Packs/atmel/ATmega_DFP/1.3.300/gcc/dev/atmega32/avr5/crtatmega32.o
 *(.init9)
 *(.text)
 .text          0x0000008e        0x4 D:/SetupFiles/Atmel Studio 7/7.0/Packs/atmel/ATmega_DFP/1.3.300/gcc/dev/atmega32/avr5/crtatmega32.o
                0x0000008e                __vector_12
                0x0000008e                __bad_interrupt
                0x0000008e                __vector_6
                0x0000008e                __vector_3
                0x0000008e                __vector_13
                0x0000008e                __vector_17
                0x0000008e                __vector_19
                0x0000008e                __vector_7
                0x0000008e                __vector_4
                0x0000008e                __vector_9
                0x0000008e                __vector_2
                0x0000008e                __vector_15
                0x0000008e                __vector_8
                0x0000008e                __vector_14
                0x0000008e                __vector_10
                0x0000008e                __vector_16
                0x0000008e                __vector_18
                0x0000008e                __vector_20
                0x00000092                . = ALIGN (0x2)
 *(.text.*)
 .text.Car_StartSpeed
                0x00000092        0x6 App/Car/Car.o
                0x00000092                Car_StartSpeed
 .text.Car_Forward
                0x00000098       0x16 App/Car/Car.o
                0x00000098                Car_Forward
 .text.Car_Reverse
                0x000000ae       0x16 App/Car/Car.o
                0x000000ae                Car_Reverse
 .text.Car_Round_Right_Turn
                0x000000c4       0x16 App/Car/Car.o
                0x000000c4                Car_Round_Right_Turn
 .text.Car_Round_Left_Turn
                0x000000da       0x16 App/Car/Car.o
                0x000000da                Car_Round_Left_Turn
 .text.Car_Turn_Right
                0x000000f0       0x14 App/Car/Car.o
                0x000000f0                Car_Turn_Right
 .text.Car_Turn_Left
                0x00000104       0x14 App/Car/Car.o
                0x00000104                Car_Turn_Left
 .text.Car_Stop
                0x00000118        0xe App/Car/Car.o
                0x00000118                Car_Stop
 .text.USS_Right
                0x00000126        0x8 App/Car/Car.o
                0x00000126                USS_Right
 .text.USS_Forward
                0x0000012e        0x8 App/Car/Car.o
                0x0000012e                USS_Forward
 .text.USS_Left
                0x00000136        0x8 App/Car/Car.o
                0x00000136                USS_Left
 .text.Measure_Distance
                0x0000013e       0x44 App/Car/Car.o
                0x0000013e                Measure_Distance
 .text.Check_Direction
                0x00000182       0x86 App/main.o
                0x00000182                Check_Direction
 .text.Remote_Control
                0x00000208       0xbc App/main.o
                0x00000208                Remote_Control
 .text.Autonomus
                0x000002c4       0xfc App/main.o
                0x000002c4                Autonomus
 .text.main     0x000003c0       0xf8 App/main.o
                0x000003c0                main
 .text.H_DcMotor_Init
                0x000004b8       0x26 Hal/DcMotor/DcMotor.o
                0x000004b8                H_DcMotor_Init
 .text.H_DcMotor_SetDirection
                0x000004de       0x66 Hal/DcMotor/DcMotor.o
                0x000004de                H_DcMotor_SetDirection
 .text.H_DcMotor_Stop
                0x00000544       0x2e Hal/DcMotor/DcMotor.o
                0x00000544                H_DcMotor_Stop
 .text.H_DcMotor_Setspeed
                0x00000572        0x6 Hal/DcMotor/DcMotor.o
                0x00000572                H_DcMotor_Setspeed
 .text.H_DcMotor_StartSpeed
                0x00000578        0x6 Hal/DcMotor/DcMotor.o
                0x00000578                H_DcMotor_StartSpeed
 .text.H_HC_SR04_Time
                0x0000057e       0x4c Hal/HC_SR04/HC_SR04.o
                0x0000057e                H_HC_SR04_Time
 .text.H_HC_SR04_Distance_Cal
                0x000005ca       0x6e Hal/HC_SR04/HC_SR04.o
                0x000005ca                H_HC_SR04_Distance_Cal
 .text.H_HC_SR04_Init
                0x00000638       0x32 Hal/HC_SR04/HC_SR04.o
                0x00000638                H_HC_SR04_Init
 .text.H_HC_SR04_Trig
                0x0000066a       0x40 Hal/HC_SR04/HC_SR04.o
                0x0000066a                H_HC_SR04_Trig
 .text.H_HC_SR04_Distacne
                0x000006aa       0x22 Hal/HC_SR04/HC_SR04.o
                0x000006aa                H_HC_SR04_Distacne
 .text.H_Lcd_WriteCharacter
                0x000006cc       0x7e Hal/Lcd/Lcd.o
                0x000006cc                H_Lcd_WriteCharacter
 .text.H_Lcd_WriteCommand
                0x0000074a       0x7e Hal/Lcd/Lcd.o
                0x0000074a                H_Lcd_WriteCommand
 .text.H_Lcd_Init
                0x000007c8       0x78 Hal/Lcd/Lcd.o
                0x000007c8                H_Lcd_Init
 .text.H_Lcd_WriteString
                0x00000840       0x2c Hal/Lcd/Lcd.o
                0x00000840                H_Lcd_WriteString
 .text.H_Lcd_WriteNumber
                0x0000086c      0x106 Hal/Lcd/Lcd.o
                0x0000086c                H_Lcd_WriteNumber
 .text.H_Lcd_Clr
                0x00000972        0x8 Hal/Lcd/Lcd.o
                0x00000972                H_Lcd_Clr
 .text.H_Lcd_GoTo
                0x0000097a       0x2a Hal/Lcd/Lcd.o
                0x0000097a                H_Lcd_GoTo
 .text.H_Servo_Init
                0x000009a4       0x12 Hal/Servo/Servo.o
                0x000009a4                H_Servo_Init
 .text.H_Servo_SetAngel
                0x000009b6       0x22 Hal/Servo/Servo.o
                0x000009b6                H_Servo_SetAngel
 .text.H_Servo_Start
                0x000009d8        0x6 Hal/Servo/Servo.o
                0x000009d8                H_Servo_Start
 .text.M_Dio_PinMode
                0x000009de      0x112 Mcal/Dio/Dio.o
                0x000009de                M_Dio_PinMode
 .text.M_Dio_PinWrite
                0x00000af0      0x112 Mcal/Dio/Dio.o
                0x00000af0                M_Dio_PinWrite
 .text.M_Dio_PinRead
                0x00000c02       0x88 Mcal/Dio/Dio.o
                0x00000c02                M_Dio_PinRead
 .text.M_Dio_PinPullUpRes
                0x00000c8a      0x112 Mcal/Dio/Dio.o
                0x00000c8a                M_Dio_PinPullUpRes
 .text.M_ExtInt_Int0Init
                0x00000d9c       0x1a Mcal/ExtInt/ExtInt.o
                0x00000d9c                M_ExtInt_Int0Init
 .text.M_ExtInt_SetCallBack
                0x00000db6        0xa Mcal/ExtInt/ExtInt.o
                0x00000db6                M_ExtInt_SetCallBack
 .text.__vector_1
                0x00000dc0       0x4e Mcal/ExtInt/ExtInt.o
                0x00000dc0                __vector_1
 .text.M_Timer0_Init
                0x00000e0e       0x1a Mcal/Timer0/Timer0.o
                0x00000e0e                M_Timer0_Init
 .text.M_Timer0_Start
                0x00000e28       0x14 Mcal/Timer0/Timer0.o
                0x00000e28                M_Timer0_Start
 .text.M_Timer0_Stop
                0x00000e3c       0x14 Mcal/Timer0/Timer0.o
                0x00000e3c                M_Timer0_Stop
 .text.M_Timer0_SetCallBack
                0x00000e50        0xa Mcal/Timer0/Timer0.o
                0x00000e50                M_Timer0_SetCallBack
 .text.__vector_11
                0x00000e5a       0x4e Mcal/Timer0/Timer0.o
                0x00000e5a                __vector_11
 .text.M_Timer1_Pwm1Init
                0x00000ea8       0x28 Mcal/Timer1/Timer1.o
                0x00000ea8                M_Timer1_Pwm1Init
 .text.M_Timer1_Pwm1SetFrequancy
                0x00000ed0       0x1a Mcal/Timer1/Timer1.o
                0x00000ed0                M_Timer1_Pwm1SetFrequancy
 .text.M_Timer1_Pwm1SetDutyCycle
                0x00000eea       0x2e Mcal/Timer1/Timer1.o
                0x00000eea                M_Timer1_Pwm1SetDutyCycle
 .text.M_Timer1_Pwm1Start
                0x00000f18       0x14 Mcal/Timer1/Timer1.o
                0x00000f18                M_Timer1_Pwm1Start
 .text.M_Timer2_Start
                0x00000f2c       0x14 Mcal/Timer2/Timer2.o
                0x00000f2c                M_Timer2_Start
 .text.M_Timer2_Pwm2Init
                0x00000f40       0x1c Mcal/Timer2/Timer2.o
                0x00000f40                M_Timer2_Pwm2Init
 .text.M_Timer2_Pwm2SetDutyCycle
                0x00000f5c       0x12 Mcal/Timer2/Timer2.o
                0x00000f5c                M_Timer2_Pwm2SetDutyCycle
 .text.M_Timer2_Pwm2Start
                0x00000f6e        0x6 Mcal/Timer2/Timer2.o
                0x00000f6e                M_Timer2_Pwm2Start
 .text.__vector_5
                0x00000f74       0xa6 Mcal/Timer2/Timer2.o
                0x00000f74                __vector_5
 .text.M_Uart_Init
                0x0000101a       0x16 Mcal/Uart/Uart.o
                0x0000101a                M_Uart_Init
 .text.M_Uart_Rec
                0x00001030        0x8 Mcal/Uart/Uart.o
                0x00001030                M_Uart_Rec
 .text.libgcc.div
                0x00001038       0x28 d:/setupfiles/atmel studio 7/7.0/toolchain/avr8/avr8-gnu-toolchain/bin/../lib/gcc/avr/5.4.0/avr5\libgcc.a(_divmodhi4.o)
                0x00001038                _div
                0x00001038                __divmodhi4
 .text.libgcc.div
                0x00001060       0x44 d:/setupfiles/atmel studio 7/7.0/toolchain/avr8/avr8-gnu-toolchain/bin/../lib/gcc/avr/5.4.0/avr5\libgcc.a(_udivmodsi4.o)
                0x00001060                __udivmodsi4
 .text.libgcc.div
                0x000010a4       0x2e d:/setupfiles/atmel studio 7/7.0/toolchain/avr8/avr8-gnu-toolchain/bin/../lib/gcc/avr/5.4.0/avr5\libgcc.a(_divmodsi4.o)
                0x000010a4                __divmodsi4
 .text.libgcc.div
                0x000010d2       0x10 d:/setupfiles/atmel studio 7/7.0/toolchain/avr8/avr8-gnu-toolchain/bin/../lib/gcc/avr/5.4.0/avr5\libgcc.a(_negsi2.o)
                0x000010d2                __negsi2
 .text.libgcc.mul
                0x000010e2       0x1e d:/setupfiles/atmel studio 7/7.0/toolchain/avr8/avr8-gnu-toolchain/bin/../lib/gcc/avr/5.4.0/avr5\libgcc.a(_umulhisi3.o)
                0x000010e2                __umulhisi3
 .text.libgcc.div
                0x00001100       0x28 d:/setupfiles/atmel studio 7/7.0/toolchain/avr8/avr8-gnu-toolchain/bin/../lib/gcc/avr/5.4.0/avr5\libgcc.a(_udivmodhi4.o)
                0x00001100                __udivmodhi4
                0x00001128                . = ALIGN (0x2)
 *(.fini9)
 .fini9         0x00001128        0x0 d:/setupfiles/atmel studio 7/7.0/toolchain/avr8/avr8-gnu-toolchain/bin/../lib/gcc/avr/5.4.0/avr5\libgcc.a(_exit.o)
                0x00001128                _exit
                0x00001128                exit
 *(.fini9)
 *(.fini8)
 *(.fini8)
 *(.fini7)
 *(.fini7)
 *(.fini6)
 *(.fini6)
 *(.fini5)
 *(.fini5)
 *(.fini4)
 *(.fini4)
 *(.fini3)
 *(.fini3)
 *(.fini2)
 *(.fini2)
 *(.fini1)
 *(.fini1)
 *(.fini0)
 .fini0         0x00001128        0x4 d:/setupfiles/atmel studio 7/7.0/toolchain/avr8/avr8-gnu-toolchain/bin/../lib/gcc/avr/5.4.0/avr5\libgcc.a(_exit.o)
 *(.fini0)
                0x0000112c                _etext = .

.data           0x00800060       0xb4 load address 0x0000112c
                0x00800060                PROVIDE (__data_start, .)
 *(.data)
 *(.data*)
 .data.Turn_Speed
                0x00800060        0x1 App/main.o
                0x00800060                Turn_Speed
 .data.Speed    0x00800061        0x1 App/main.o
                0x00800061                Speed
 .data.Stop_Distance
                0x00800062        0x1 App/main.o
                0x00800062                Stop_Distance
 *(.gnu.linkonce.d*)
 *(.rodata)
 *(.rodata*)
 .rodata.str1.1
                0x00800063        0x4 App/Car/Car.o
 .rodata.str1.1
                0x00800067       0xac App/main.o
 *(.gnu.linkonce.r*)
                0x00800114                . = ALIGN (0x2)
 *fill*         0x00800113        0x1 
                0x00800114                _edata = .
                0x00800114                PROVIDE (__data_end, .)

.bss            0x00800114       0x1f
                0x00800114                PROVIDE (__bss_start, .)
 *(.bss)
 *(.bss*)
 .bss.Rising_Edge
                0x00800114        0x1 Hal/HC_SR04/HC_SR04.o
                0x00800114                Rising_Edge
 .bss.Timer_Counter
                0x00800115        0x4 Hal/HC_SR04/HC_SR04.o
                0x00800115                Timer_Counter
 .bss.Sensor_Operation
                0x00800119        0x1 Hal/HC_SR04/HC_SR04.o
                0x00800119                Sensor_Operation
 .bss.Local_u32_Counter.1667
                0x0080011a        0x4 Mcal/Timer2/Timer2.o
 .bss.Timer2_u8_RemTicks
                0x0080011e        0x1 Mcal/Timer2/Timer2.o
                0x0080011e                Timer2_u8_RemTicks
 .bss.Timer2_u32_NumOfOverFlows
                0x0080011f        0x4 Mcal/Timer2/Timer2.o
                0x0080011f                Timer2_u32_NumOfOverFlows
 *(COMMON)
 COMMON         0x00800123        0x6 App/main.o
                0x00800123                Manual_Speed
                0x00800124                Distance
                0x00800126                Bluetooth
                0x00800127                Turn_Direction
                0x00800128                Car_Mode
 COMMON         0x00800129        0x4 Hal/HC_SR04/HC_SR04.o
                0x00800129                Pulses
 COMMON         0x0080012d        0x2 Mcal/ExtInt/ExtInt.o
                0x0080012d                CallBack_INT
 COMMON         0x0080012f        0x2 Mcal/Timer0/Timer0.o
                0x0080012f                CallBack_T0
 COMMON         0x00800131        0x2 Mcal/Timer2/Timer2.o
                0x00800131                CallBack_T2
                0x00800133                PROVIDE (__bss_end, .)
                0x0000112c                __data_load_start = LOADADDR (.data)
                0x000011e0                __data_load_end = (__data_load_start + SIZEOF (.data))

.noinit         0x00800133        0x0
                [!provide]                PROVIDE (__noinit_start, .)
 *(.noinit*)
                [!provide]                PROVIDE (__noinit_end, .)
                0x00800133                _end = .
                [!provide]                PROVIDE (__heap_start, .)

.eeprom         0x00810000        0x0
 *(.eeprom*)
                0x00810000                __eeprom_end = .

.fuse
 *(.fuse)
 *(.lfuse)
 *(.hfuse)
 *(.efuse)

.lock
 *(.lock*)

.signature
 *(.signature*)

.user_signatures
 *(.user_signatures*)

.stab
 *(.stab)

.stabstr
 *(.stabstr)

.stab.excl
 *(.stab.excl)

.stab.exclstr
 *(.stab.exclstr)

.stab.index
 *(.stab.index)

.stab.indexstr
 *(.stab.indexstr)

.comment        0x00000000       0x30
 *(.comment)
 .comment       0x00000000       0x30 App/Car/Car.o
                                 0x31 (size before relaxing)
 .comment       0x00000030       0x31 App/main.o
 .comment       0x00000030       0x31 Hal/DcMotor/DcMotor.o
 .comment       0x00000030       0x31 Hal/HC_SR04/HC_SR04.o
 .comment       0x00000030       0x31 Hal/Lcd/Lcd.o
 .comment       0x00000030       0x31 Hal/Servo/Servo.o
 .comment       0x00000030       0x31 Mcal/Dio/Dio.o
 .comment       0x00000030       0x31 Mcal/ExtInt/ExtInt.o
 .comment       0x00000030       0x31 Mcal/Timer0/Timer0.o
 .comment       0x00000030       0x31 Mcal/Timer1/Timer1.o
 .comment       0x00000030       0x31 Mcal/Timer2/Timer2.o
 .comment       0x00000030       0x31 Mcal/Uart/Uart.o

.note.gnu.avr.deviceinfo
                0x00000000       0x3c
 .note.gnu.avr.deviceinfo
                0x00000000       0x3c D:/SetupFiles/Atmel Studio 7/7.0/Packs/atmel/ATmega_DFP/1.3.300/gcc/dev/atmega32/avr5/crtatmega32.o

.note.gnu.build-id
 *(.note.gnu.build-id)

.debug
 *(.debug)

.line
 *(.line)

.debug_srcinfo
 *(.debug_srcinfo)

.debug_sfnames
 *(.debug_sfnames)

.debug_aranges  0x00000000      0x3a8
 *(.debug_aranges)
 .debug_aranges
                0x00000000       0x80 App/Car/Car.o
 .debug_aranges
                0x00000080       0x38 App/main.o
 .debug_aranges
                0x000000b8       0x50 Hal/DcMotor/DcMotor.o
 .debug_aranges
                0x00000108       0x40 Hal/HC_SR04/HC_SR04.o
 .debug_aranges
                0x00000148       0x68 Hal/Lcd/Lcd.o
 .debug_aranges
                0x000001b0       0x38 Hal/Servo/Servo.o
 .debug_aranges
                0x000001e8       0x50 Mcal/Dio/Dio.o
 .debug_aranges
                0x00000238       0x30 Mcal/ExtInt/ExtInt.o
 .debug_aranges
                0x00000268       0x68 Mcal/Timer0/Timer0.o
 .debug_aranges
                0x000002d0       0x40 Mcal/Timer1/Timer1.o
 .debug_aranges
                0x00000310       0x68 Mcal/Timer2/Timer2.o
 .debug_aranges
                0x00000378       0x30 Mcal/Uart/Uart.o

.debug_pubnames
 *(.debug_pubnames)

.debug_info     0x00000000     0x2fad
 *(.debug_info .gnu.linkonce.wi.*)
 .debug_info    0x00000000      0x4e6 D:/SetupFiles/Atmel Studio 7/7.0/Packs/atmel/ATmega_DFP/1.3.300/gcc/dev/atmega32/avr5/crtatmega32.o
 .debug_info    0x000004e6      0x51c App/Car/Car.o
 .debug_info    0x00000a02      0x9b9 App/main.o
 .debug_info    0x000013bb      0x3f3 Hal/DcMotor/DcMotor.o
 .debug_info    0x000017ae      0x438 Hal/HC_SR04/HC_SR04.o
 .debug_info    0x00001be6      0x82d Hal/Lcd/Lcd.o
 .debug_info    0x00002413      0x176 Hal/Servo/Servo.o
 .debug_info    0x00002589      0x278 Mcal/Dio/Dio.o
 .debug_info    0x00002801      0x106 Mcal/ExtInt/ExtInt.o
 .debug_info    0x00002907      0x240 Mcal/Timer0/Timer0.o
 .debug_info    0x00002b47      0x118 Mcal/Timer1/Timer1.o
 .debug_info    0x00002c5f      0x256 Mcal/Timer2/Timer2.o
 .debug_info    0x00002eb5       0xf8 Mcal/Uart/Uart.o

.debug_abbrev   0x00000000      0xfc4
 *(.debug_abbrev)
 .debug_abbrev  0x00000000      0x4a3 D:/SetupFiles/Atmel Studio 7/7.0/Packs/atmel/ATmega_DFP/1.3.300/gcc/dev/atmega32/avr5/crtatmega32.o
 .debug_abbrev  0x000004a3       0xce App/Car/Car.o
 .debug_abbrev  0x00000571      0x194 App/main.o
 .debug_abbrev  0x00000705       0xa3 Hal/DcMotor/DcMotor.o
 .debug_abbrev  0x000007a8      0x16c Hal/HC_SR04/HC_SR04.o
 .debug_abbrev  0x00000914      0x185 Hal/Lcd/Lcd.o
 .debug_abbrev  0x00000a99       0x9a Hal/Servo/Servo.o
 .debug_abbrev  0x00000b33       0xb8 Mcal/Dio/Dio.o
 .debug_abbrev  0x00000beb       0xc0 Mcal/ExtInt/ExtInt.o
 .debug_abbrev  0x00000cab       0xf8 Mcal/Timer0/Timer0.o
 .debug_abbrev  0x00000da3       0x6f Mcal/Timer1/Timer1.o
 .debug_abbrev  0x00000e12      0x123 Mcal/Timer2/Timer2.o
 .debug_abbrev  0x00000f35       0x8f Mcal/Uart/Uart.o

.debug_line     0x00000000     0x19b6
 *(.debug_line .debug_line.* .debug_line_end)
 .debug_line    0x00000000      0x115 D:/SetupFiles/Atmel Studio 7/7.0/Packs/atmel/ATmega_DFP/1.3.300/gcc/dev/atmega32/avr5/crtatmega32.o
 .debug_line    0x00000115      0x230 App/Car/Car.o
 .debug_line    0x00000345      0x478 App/main.o
 .debug_line    0x000007bd      0x1d4 Hal/DcMotor/DcMotor.o
 .debug_line    0x00000991      0x28b Hal/HC_SR04/HC_SR04.o
 .debug_line    0x00000c1c      0x3be Hal/Lcd/Lcd.o
 .debug_line    0x00000fda       0xc0 Hal/Servo/Servo.o
 .debug_line    0x0000109a      0x257 Mcal/Dio/Dio.o
 .debug_line    0x000012f1       0xff Mcal/ExtInt/ExtInt.o
 .debug_line    0x000013f0      0x1ee Mcal/Timer0/Timer0.o
 .debug_line    0x000015de       0xf4 Mcal/Timer1/Timer1.o
 .debug_line    0x000016d2      0x212 Mcal/Timer2/Timer2.o
 .debug_line    0x000018e4       0xd2 Mcal/Uart/Uart.o

.debug_frame    0x00000000      0x7a0
 *(.debug_frame)
 .debug_frame   0x00000000       0xf8 App/Car/Car.o
 .debug_frame   0x000000f8       0x5c App/main.o
 .debug_frame   0x00000154       0x84 Hal/DcMotor/DcMotor.o
 .debug_frame   0x000001d8       0x64 Hal/HC_SR04/HC_SR04.o
 .debug_frame   0x0000023c      0x154 Hal/Lcd/Lcd.o
 .debug_frame   0x00000390       0x54 Hal/Servo/Servo.o
 .debug_frame   0x000003e4       0x84 Mcal/Dio/Dio.o
 .debug_frame   0x00000468       0x8c Mcal/ExtInt/ExtInt.o
 .debug_frame   0x000004f4       0xfc Mcal/Timer0/Timer0.o
 .debug_frame   0x000005f0       0x64 Mcal/Timer1/Timer1.o
 .debug_frame   0x00000654      0x108 Mcal/Timer2/Timer2.o
 .debug_frame   0x0000075c       0x44 Mcal/Uart/Uart.o

.debug_str      0x00000000      0xd59
 *(.debug_str)
 .debug_str     0x00000000      0x196 D:/SetupFiles/Atmel Studio 7/7.0/Packs/atmel/ATmega_DFP/1.3.300/gcc/dev/atmega32/avr5/crtatmega32.o
 .debug_str     0x00000196      0x31a App/Car/Car.o
                                0x34e (size before relaxing)
 .debug_str     0x000004b0      0x19f App/main.o
                                0x435 (size before relaxing)
 .debug_str     0x0000064f       0xce Hal/DcMotor/DcMotor.o
                                0x2fa (size before relaxing)
 .debug_str     0x0000071d      0x111 Hal/HC_SR04/HC_SR04.o
                                0x346 (size before relaxing)
 .debug_str     0x0000082e      0x143 Hal/Lcd/Lcd.o
                                0x3b8 (size before relaxing)
 .debug_str     0x00000971       0xb4 Hal/Servo/Servo.o
                                0x260 (size before relaxing)
 .debug_str     0x00000a25       0x86 Mcal/Dio/Dio.o
                                0x252 (size before relaxing)
 .debug_str     0x00000aab       0x30 Mcal/ExtInt/ExtInt.o
                                0x211 (size before relaxing)
 .debug_str     0x00000adb      0x129 Mcal/Timer0/Timer0.o
                                0x323 (size before relaxing)
 .debug_str     0x00000c04       0x2c Mcal/Timer1/Timer1.o
                                0x22a (size before relaxing)
 .debug_str     0x00000c30       0xd8 Mcal/Timer2/Timer2.o
                                0x334 (size before relaxing)
 .debug_str     0x00000d08       0x51 Mcal/Uart/Uart.o
                                0x1e8 (size before relaxing)

.debug_loc      0x00000000     0x15e4
 *(.debug_loc)
 .debug_loc     0x00000000      0x127 App/Car/Car.o
 .debug_loc     0x00000127      0x473 App/main.o
 .debug_loc     0x0000059a      0x20b Hal/DcMotor/DcMotor.o
 .debug_loc     0x000007a5      0x117 Hal/HC_SR04/HC_SR04.o
 .debug_loc     0x000008bc      0x70b Hal/Lcd/Lcd.o
 .debug_loc     0x00000fc7       0x58 Hal/Servo/Servo.o
 .debug_loc     0x0000101f      0x197 Mcal/Dio/Dio.o
 .debug_loc     0x000011b6       0xcb Mcal/ExtInt/ExtInt.o
 .debug_loc     0x00001281      0x166 Mcal/Timer0/Timer0.o
 .debug_loc     0x000013e7       0x6e Mcal/Timer1/Timer1.o
 .debug_loc     0x00001455      0x18f Mcal/Timer2/Timer2.o

.debug_macinfo
 *(.debug_macinfo)

.debug_weaknames
 *(.debug_weaknames)

.debug_funcnames
 *(.debug_funcnames)

.debug_typenames
 *(.debug_typenames)

.debug_varnames
 *(.debug_varnames)

.debug_pubtypes
 *(.debug_pubtypes)

.debug_ranges   0x00000000      0x2e8
 *(.debug_ranges)
 .debug_ranges  0x00000000       0x70 App/Car/Car.o
 .debug_ranges  0x00000070       0x28 App/main.o
 .debug_ranges  0x00000098       0x40 Hal/DcMotor/DcMotor.o
 .debug_ranges  0x000000d8       0x30 Hal/HC_SR04/HC_SR04.o
 .debug_ranges  0x00000108       0x58 Hal/Lcd/Lcd.o
 .debug_ranges  0x00000160       0x28 Hal/Servo/Servo.o
 .debug_ranges  0x00000188       0x40 Mcal/Dio/Dio.o
 .debug_ranges  0x000001c8       0x20 Mcal/ExtInt/ExtInt.o
 .debug_ranges  0x000001e8       0x58 Mcal/Timer0/Timer0.o
 .debug_ranges  0x00000240       0x30 Mcal/Timer1/Timer1.o
 .debug_ranges  0x00000270       0x58 Mcal/Timer2/Timer2.o
 .debug_ranges  0x000002c8       0x20 Mcal/Uart/Uart.o

.debug_macro
 *(.debug_macro)
OUTPUT(Autonomus_Car.elf elf32-avr)
LOAD linker stubs
